// Vitest Snapshot v1, https://vitest.dev/guide/snapshot.html

exports[`MarvelCharacterCard.vue > renders correctly 1`] = `
<div
  class="v-card v-theme--light v-card--density-default v-card--variant-elevated mx-auto"
  style="max-width: 344px;"
>
  <!---->
  <div
    class="v-card__loader"
  >
    <div
      aria-hidden="true"
      aria-valuemax="100"
      aria-valuemin="0"
      class="v-progress-linear v-theme--light v-locale--is-ltr"
      role="progressbar"
      style="top: 0px; height: 0px; --v-progress-linear-height: 2px;"
    >
      <!---->
      <div
        class="v-progress-linear__background"
      />
      <div
        class="v-progress-linear__buffer"
        style="width: 0%;"
      />
      <transition-stub
        appear="false"
        css="true"
        name="fade-transition"
        persisted="false"
      >
        <div
          class="v-progress-linear__indeterminate"
        >
          
          <div
            class="v-progress-linear__indeterminate long"
          />
          <div
            class="v-progress-linear__indeterminate short"
          />
          
        </div>
      </transition-stub>
      <!---->
    </div>
  </div>
  <!---->
  <!---->
  
  <div
    aria-label="Test character"
    class="v-responsive v-img v-img--booting"
    role="img"
    style="height: 200px;"
  >
    <div
      class="v-responsive__sizer"
    />
    
    
    <transition-stub
      appear="true"
      css="true"
      name="fade-transition"
      persisted="false"
    >
      <img
        alt="Test character"
        class="v-img__img v-img__img--cover"
        src="https://mypath.com/images.jpg"
        style="display: none;"
      />
    </transition-stub>
    <transition-stub
      appear="false"
      css="true"
      name="fade-transition"
      persisted="false"
    >
      <!---->
    </transition-stub>
    <!---->
    <!---->
    <!---->
    
    
    <!---->
  </div>
  <div
    class="v-card-title"
  >
    Test character
  </div>
  <div
    class="v-card-actions"
  >
    
    <button
      class="v-btn v-btn--slim v-theme--light text-orange-lighten-2 v-btn--density-default v-btn--size-default v-btn--variant-text"
      type="button"
    >
      
      <span
        class="v-btn__overlay"
      />
      <span
        class="v-btn__underlay"
      />
      
      <!---->
      <span
        class="v-btn__content"
        data-no-activator=""
      >
        
        Ver Más
        
      </span>
      <!---->
      <!---->
    </button>
    <div
      class="v-spacer"
    />
    <button
      class="v-btn v-btn--icon v-btn--slim v-theme--light v-btn--density-default v-btn--size-default v-btn--variant-text"
      type="button"
    >
      
      <span
        class="v-btn__overlay"
      />
      <span
        class="v-btn__underlay"
      />
      
      <!---->
      <span
        class="v-btn__content"
        data-no-activator=""
      >
        <i
          aria-hidden="true"
          class="mdi-chevron-down mdi v-icon notranslate v-theme--light v-icon--size-default"
        />
      </span>
      <!---->
      <!---->
    </button>
    
  </div>
  <transition-stub
    appear="false"
    css="true"
    name="expand-transition"
    persisted="false"
  >
    <div
      style="display: none;"
    >
      <hr
        aria-orientation="horizontal"
        class="v-divider v-theme--light"
        role="separator"
      />
      <div
        class="v-card-text"
      >
        Descripción no disponible
      </div>
    </div>
  </transition-stub>
  
  <!---->
  
  <!---->
  <span
    class="v-card__underlay"
  />
  
</div>
`;
